// Jest Snapshot v1, https://goo.gl/fbAQLP

exports[`Test KeyPad components when rendering should match the snapshot 1`] = `ShallowWrapper {}`;
