// Jest Snapshot v1, https://goo.gl/fbAQLP

exports[`Test for PianoList contents when rendered should match the snapshot 1`] = `ShallowWrapper {}`;
